// Jest Snapshot v1, https://goo.gl/fbAQLP

exports[`Test Card component render 1`] = `
Object {
  "asFragment": [Function],
  "baseElement": <body>
    <div>
      <div
        class="sc-AxjAm kvTteP Card__Wrapper"
      >
        <div
          class="sc-AxiKw eIMRRL Card__Wrapper__UpperBody"
        >
          <div
            class="sc-AxirZ jZFMiW Card__Wrapper__UpperBody__Image"
            src="https://miro.medium.com/max/4240/0*6lzpRfcdt7wU0HAN."
          />
        </div>
        <div
          class="sc-AxhCb kwcBJT Card__Wrapper__LowerBody"
        >
          <h1
            class="sc-AxhUy fTTxeE Card__Wrapper__LowerBody__Title"
          >
            Testing
          </h1>
          <p
            class="sc-AxgMl eErQtE Card__Wrapper__LowerBody__Description"
          >
            Testing this component with props
          </p>
        </div>
      </div>
    </div>
  </body>,
  "container": <div>
    <div
      class="sc-AxjAm kvTteP Card__Wrapper"
    >
      <div
        class="sc-AxiKw eIMRRL Card__Wrapper__UpperBody"
      >
        <div
          class="sc-AxirZ jZFMiW Card__Wrapper__UpperBody__Image"
          src="https://miro.medium.com/max/4240/0*6lzpRfcdt7wU0HAN."
        />
      </div>
      <div
        class="sc-AxhCb kwcBJT Card__Wrapper__LowerBody"
      >
        <h1
          class="sc-AxhUy fTTxeE Card__Wrapper__LowerBody__Title"
        >
          Testing
        </h1>
        <p
          class="sc-AxgMl eErQtE Card__Wrapper__LowerBody__Description"
        >
          Testing this component with props
        </p>
      </div>
    </div>
  </div>,
  "debug": [Function],
  "findAllByAltText": [Function],
  "findAllByDisplayValue": [Function],
  "findAllByLabelText": [Function],
  "findAllByPlaceholderText": [Function],
  "findAllByRole": [Function],
  "findAllByTestId": [Function],
  "findAllByText": [Function],
  "findAllByTitle": [Function],
  "findByAltText": [Function],
  "findByDisplayValue": [Function],
  "findByLabelText": [Function],
  "findByPlaceholderText": [Function],
  "findByRole": [Function],
  "findByTestId": [Function],
  "findByText": [Function],
  "findByTitle": [Function],
  "getAllByAltText": [Function],
  "getAllByDisplayValue": [Function],
  "getAllByLabelText": [Function],
  "getAllByPlaceholderText": [Function],
  "getAllByRole": [Function],
  "getAllByTestId": [Function],
  "getAllByText": [Function],
  "getAllByTitle": [Function],
  "getByAltText": [Function],
  "getByDisplayValue": [Function],
  "getByLabelText": [Function],
  "getByPlaceholderText": [Function],
  "getByRole": [Function],
  "getByTestId": [Function],
  "getByText": [Function],
  "getByTitle": [Function],
  "queryAllByAltText": [Function],
  "queryAllByDisplayValue": [Function],
  "queryAllByLabelText": [Function],
  "queryAllByPlaceholderText": [Function],
  "queryAllByRole": [Function],
  "queryAllByTestId": [Function],
  "queryAllByText": [Function],
  "queryAllByTitle": [Function],
  "queryByAltText": [Function],
  "queryByDisplayValue": [Function],
  "queryByLabelText": [Function],
  "queryByPlaceholderText": [Function],
  "queryByRole": [Function],
  "queryByTestId": [Function],
  "queryByText": [Function],
  "queryByTitle": [Function],
  "rerender": [Function],
  "unmount": [Function],
}
`;
