// Jest Snapshot v1, https://goo.gl/fbAQLP

exports[`Test JobCard component render 1`] = `
Object {
  "asFragment": [Function],
  "baseElement": <body>
    <div>
      <div
        class="sc-fzokOt hqmVYP"
        id="JobCardMock-card-id"
      >
        <div
          class="sc-AxirZ cLmhxZ"
        >
          <p
            class="sc-fzqBZW kqYVrC"
          >
            novidade
          </p>
        </div>
        <div
          class="sc-AxjAm jDxcNw JobCardMock"
        >
          <div
            class="sc-AxiKw bTpLoE JobCardMock__ImageBlock"
          >
            <div
              class="sc-AxhCb ccMvAG JobCardMock__ImageWrapper"
            >
              <div
                class="sc-AxhUy bZpwYB JobCardMock__ImageWrapper__Cropper"
              >
                <img
                  alt="Entregador M치gico"
                  class="sc-AxgMl kIBdGh"
                  src="https://cdnb.artstation.com/p/assets/images/images/011/745/187/large/emma-areum-kim-kiki10-01psd.jpg"
                />
              </div>
            </div>
            <div
              class="sc-AxheI eKLjGh JobCardMock__Slots"
            >
              <p
                class="sc-fzqNJr cFqHAX"
              >
                RENDA
              </p>
            </div>
          </div>
          <div
            class="sc-Axmtr erLQOu JobCardMock__DataBlock"
          >
            <div
              class="sc-AxmLO cAKCgh JobCardMock__Title"
            >
              <p
                class="sc-fzoyAV infahC"
              >
                Entregador M치gico
              </p>
            </div>
            <div
              class="sc-fzozJi aHfnD JobCardMock__Companies"
            >
              <p
                class="sc-fzoLag fgZswX"
              >
                5 empresas contratando em
              </p>
            </div>
            <div
              class="sc-fzpans iFvVQQ JobCardMock__Locations"
            >
              <div
                class="sc-fznyAO dNloSp"
              >
                <p
                  class="sc-fzoXzr hxNOpN"
                >
                  SP
                </p>
              </div>
              <div
                class="sc-fznyAO dNloSp"
              >
                <p
                  class="sc-fzpjYC dBBYeC"
                >
                  RJ
                </p>
              </div>
            </div>
          </div>
        </div>
      </div>
    </div>
  </body>,
  "container": <div>
    <div
      class="sc-fzokOt hqmVYP"
      id="JobCardMock-card-id"
    >
      <div
        class="sc-AxirZ cLmhxZ"
      >
        <p
          class="sc-fzqBZW kqYVrC"
        >
          novidade
        </p>
      </div>
      <div
        class="sc-AxjAm jDxcNw JobCardMock"
      >
        <div
          class="sc-AxiKw bTpLoE JobCardMock__ImageBlock"
        >
          <div
            class="sc-AxhCb ccMvAG JobCardMock__ImageWrapper"
          >
            <div
              class="sc-AxhUy bZpwYB JobCardMock__ImageWrapper__Cropper"
            >
              <img
                alt="Entregador M치gico"
                class="sc-AxgMl kIBdGh"
                src="https://cdnb.artstation.com/p/assets/images/images/011/745/187/large/emma-areum-kim-kiki10-01psd.jpg"
              />
            </div>
          </div>
          <div
            class="sc-AxheI eKLjGh JobCardMock__Slots"
          >
            <p
              class="sc-fzqNJr cFqHAX"
            >
              RENDA
            </p>
          </div>
        </div>
        <div
          class="sc-Axmtr erLQOu JobCardMock__DataBlock"
        >
          <div
            class="sc-AxmLO cAKCgh JobCardMock__Title"
          >
            <p
              class="sc-fzoyAV infahC"
            >
              Entregador M치gico
            </p>
          </div>
          <div
            class="sc-fzozJi aHfnD JobCardMock__Companies"
          >
            <p
              class="sc-fzoLag fgZswX"
            >
              5 empresas contratando em
            </p>
          </div>
          <div
            class="sc-fzpans iFvVQQ JobCardMock__Locations"
          >
            <div
              class="sc-fznyAO dNloSp"
            >
              <p
                class="sc-fzoXzr hxNOpN"
              >
                SP
              </p>
            </div>
            <div
              class="sc-fznyAO dNloSp"
            >
              <p
                class="sc-fzpjYC dBBYeC"
              >
                RJ
              </p>
            </div>
          </div>
        </div>
      </div>
    </div>
  </div>,
  "debug": [Function],
  "findAllByAltText": [Function],
  "findAllByDisplayValue": [Function],
  "findAllByLabelText": [Function],
  "findAllByPlaceholderText": [Function],
  "findAllByRole": [Function],
  "findAllByTestId": [Function],
  "findAllByText": [Function],
  "findAllByTitle": [Function],
  "findByAltText": [Function],
  "findByDisplayValue": [Function],
  "findByLabelText": [Function],
  "findByPlaceholderText": [Function],
  "findByRole": [Function],
  "findByTestId": [Function],
  "findByText": [Function],
  "findByTitle": [Function],
  "getAllByAltText": [Function],
  "getAllByDisplayValue": [Function],
  "getAllByLabelText": [Function],
  "getAllByPlaceholderText": [Function],
  "getAllByRole": [Function],
  "getAllByTestId": [Function],
  "getAllByText": [Function],
  "getAllByTitle": [Function],
  "getByAltText": [Function],
  "getByDisplayValue": [Function],
  "getByLabelText": [Function],
  "getByPlaceholderText": [Function],
  "getByRole": [Function],
  "getByTestId": [Function],
  "getByText": [Function],
  "getByTitle": [Function],
  "queryAllByAltText": [Function],
  "queryAllByDisplayValue": [Function],
  "queryAllByLabelText": [Function],
  "queryAllByPlaceholderText": [Function],
  "queryAllByRole": [Function],
  "queryAllByTestId": [Function],
  "queryAllByText": [Function],
  "queryAllByTitle": [Function],
  "queryByAltText": [Function],
  "queryByDisplayValue": [Function],
  "queryByLabelText": [Function],
  "queryByPlaceholderText": [Function],
  "queryByRole": [Function],
  "queryByTestId": [Function],
  "queryByText": [Function],
  "queryByTitle": [Function],
  "rerender": [Function],
  "unmount": [Function],
}
`;
