// Jest Snapshot v1, https://goo.gl/fbAQLP

exports[`Test ModuleCard component render 1`] = `
Object {
  "asFragment": [Function],
  "baseElement": <body>
    <div>
      <div
        class="sc-AxjAm hCpYkD Card"
      >
        <div
          class="sc-AxirZ iTEWhx ModuleCard"
        >
          <div
            class="sc-AxiKw kDJXyU ModuleCard__IconWrapper"
          >
            <div
              class="sc-AxhCb iFtFSU ModuleCard__IconCircle"
            >
              <svg
                height="24px"
                viewBox="0 0 24 24"
                width="24px"
                xmlns="http://www.w3.org/2000/svg"
              >
                <path
                  d="M0 0h24v24H0z"
                  fill="none"
                />
                <path
                  d="M9 16.2L4.8 12l-1.4 1.4L9 19 21 7l-1.4-1.4L9 16.2z"
                  fill="#FFFFFF"
                />
              </svg>
            </div>
          </div>
          <div
            class="sc-AxhUy cjNzFp ModuleCard__InfoWrapper"
          >
            <div
              class="sc-AxgMl fFPQpl ModuleCard__InfoWrapper__Title"
            >
              <p
                class="sc-AxmLO euTaYe"
              >
                Just a Title
              </p>
            </div>
            <div
              class="sc-AxheI fniENP ModuleCard__InfoWrapper__Description"
            >
              <p
                class="sc-fzozJi Wya-Dg"
              >
                Just testing by
              </p>
            </div>
            <div
              class="sc-Axmtr hBVTto ModuleCard__InfoWrapper__Time"
            >
              <p
                class="sc-fzoLsD jeWUtM"
              >
                50min.
              </p>
            </div>
          </div>
        </div>
      </div>
    </div>
  </body>,
  "container": <div>
    <div
      class="sc-AxjAm hCpYkD Card"
    >
      <div
        class="sc-AxirZ iTEWhx ModuleCard"
      >
        <div
          class="sc-AxiKw kDJXyU ModuleCard__IconWrapper"
        >
          <div
            class="sc-AxhCb iFtFSU ModuleCard__IconCircle"
          >
            <svg
              height="24px"
              viewBox="0 0 24 24"
              width="24px"
              xmlns="http://www.w3.org/2000/svg"
            >
              <path
                d="M0 0h24v24H0z"
                fill="none"
              />
              <path
                d="M9 16.2L4.8 12l-1.4 1.4L9 19 21 7l-1.4-1.4L9 16.2z"
                fill="#FFFFFF"
              />
            </svg>
          </div>
        </div>
        <div
          class="sc-AxhUy cjNzFp ModuleCard__InfoWrapper"
        >
          <div
            class="sc-AxgMl fFPQpl ModuleCard__InfoWrapper__Title"
          >
            <p
              class="sc-AxmLO euTaYe"
            >
              Just a Title
            </p>
          </div>
          <div
            class="sc-AxheI fniENP ModuleCard__InfoWrapper__Description"
          >
            <p
              class="sc-fzozJi Wya-Dg"
            >
              Just testing by
            </p>
          </div>
          <div
            class="sc-Axmtr hBVTto ModuleCard__InfoWrapper__Time"
          >
            <p
              class="sc-fzoLsD jeWUtM"
            >
              50min.
            </p>
          </div>
        </div>
      </div>
    </div>
  </div>,
  "debug": [Function],
  "findAllByAltText": [Function],
  "findAllByDisplayValue": [Function],
  "findAllByLabelText": [Function],
  "findAllByPlaceholderText": [Function],
  "findAllByRole": [Function],
  "findAllByTestId": [Function],
  "findAllByText": [Function],
  "findAllByTitle": [Function],
  "findByAltText": [Function],
  "findByDisplayValue": [Function],
  "findByLabelText": [Function],
  "findByPlaceholderText": [Function],
  "findByRole": [Function],
  "findByTestId": [Function],
  "findByText": [Function],
  "findByTitle": [Function],
  "getAllByAltText": [Function],
  "getAllByDisplayValue": [Function],
  "getAllByLabelText": [Function],
  "getAllByPlaceholderText": [Function],
  "getAllByRole": [Function],
  "getAllByTestId": [Function],
  "getAllByText": [Function],
  "getAllByTitle": [Function],
  "getByAltText": [Function],
  "getByDisplayValue": [Function],
  "getByLabelText": [Function],
  "getByPlaceholderText": [Function],
  "getByRole": [Function],
  "getByTestId": [Function],
  "getByText": [Function],
  "getByTitle": [Function],
  "queryAllByAltText": [Function],
  "queryAllByDisplayValue": [Function],
  "queryAllByLabelText": [Function],
  "queryAllByPlaceholderText": [Function],
  "queryAllByRole": [Function],
  "queryAllByTestId": [Function],
  "queryAllByText": [Function],
  "queryAllByTitle": [Function],
  "queryByAltText": [Function],
  "queryByDisplayValue": [Function],
  "queryByLabelText": [Function],
  "queryByPlaceholderText": [Function],
  "queryByRole": [Function],
  "queryByTestId": [Function],
  "queryByText": [Function],
  "queryByTitle": [Function],
  "rerender": [Function],
  "unmount": [Function],
}
`;
