// Jest Snapshot v1, https://goo.gl/fbAQLP

exports[`Test CarouselSelector component render 1`] = `
Object {
  "asFragment": [Function],
  "baseElement": <body>
    <div>
      <div
        class="sc-bdfBwQ jGJVBi"
      >
        <div
          class="sc-gsTCUz ddLIQr"
        >
          <div
            class="sc-dlfnbm dczYKs"
          >
            <div
              class="sc-hKgILt kceAIk"
            >
              <p
                class="sc-iBPRYJ kNbCVt"
              >
                MS
              </p>
            </div>
          </div>
          <div
            class="sc-dlfnbm gHGDmf"
          >
            <div
              class="sc-hKgILt kceAIk"
            >
              <p
                class="sc-fubCfw gjOGqP"
              >
                SP
              </p>
            </div>
          </div>
        </div>
        <div
          class="sc-eCssSg"
        >
          <p
            class="sc-pFZIQ WRJmx"
          />
        </div>
      </div>
    </div>
  </body>,
  "container": <div>
    <div
      class="sc-bdfBwQ jGJVBi"
    >
      <div
        class="sc-gsTCUz ddLIQr"
      >
        <div
          class="sc-dlfnbm dczYKs"
        >
          <div
            class="sc-hKgILt kceAIk"
          >
            <p
              class="sc-iBPRYJ kNbCVt"
            >
              MS
            </p>
          </div>
        </div>
        <div
          class="sc-dlfnbm gHGDmf"
        >
          <div
            class="sc-hKgILt kceAIk"
          >
            <p
              class="sc-fubCfw gjOGqP"
            >
              SP
            </p>
          </div>
        </div>
      </div>
      <div
        class="sc-eCssSg"
      >
        <p
          class="sc-pFZIQ WRJmx"
        />
      </div>
    </div>
  </div>,
  "debug": [Function],
  "findAllByAltText": [Function],
  "findAllByDisplayValue": [Function],
  "findAllByLabelText": [Function],
  "findAllByPlaceholderText": [Function],
  "findAllByRole": [Function],
  "findAllByTestId": [Function],
  "findAllByText": [Function],
  "findAllByTitle": [Function],
  "findByAltText": [Function],
  "findByDisplayValue": [Function],
  "findByLabelText": [Function],
  "findByPlaceholderText": [Function],
  "findByRole": [Function],
  "findByTestId": [Function],
  "findByText": [Function],
  "findByTitle": [Function],
  "getAllByAltText": [Function],
  "getAllByDisplayValue": [Function],
  "getAllByLabelText": [Function],
  "getAllByPlaceholderText": [Function],
  "getAllByRole": [Function],
  "getAllByTestId": [Function],
  "getAllByText": [Function],
  "getAllByTitle": [Function],
  "getByAltText": [Function],
  "getByDisplayValue": [Function],
  "getByLabelText": [Function],
  "getByPlaceholderText": [Function],
  "getByRole": [Function],
  "getByTestId": [Function],
  "getByText": [Function],
  "getByTitle": [Function],
  "queryAllByAltText": [Function],
  "queryAllByDisplayValue": [Function],
  "queryAllByLabelText": [Function],
  "queryAllByPlaceholderText": [Function],
  "queryAllByRole": [Function],
  "queryAllByTestId": [Function],
  "queryAllByText": [Function],
  "queryAllByTitle": [Function],
  "queryByAltText": [Function],
  "queryByDisplayValue": [Function],
  "queryByLabelText": [Function],
  "queryByPlaceholderText": [Function],
  "queryByRole": [Function],
  "queryByTestId": [Function],
  "queryByText": [Function],
  "queryByTitle": [Function],
  "rerender": [Function],
  "unmount": [Function],
}
`;
