// Jest Snapshot v1, https://goo.gl/fbAQLP

exports[`Test ApplicationCard component render 1`] = `
Object {
  "asFragment": [Function],
  "baseElement": <body>
    <div>
      <div
        class="sc-AxjAm hCpYkD Card"
      >
        <div
          class="sc-AxirZ iTEWhx"
        >
          <div
            class="sc-AxiKw hZuHAH"
          >
            <img
              class="sc-AxhCb fEHPey"
              src="https://russelservicos.com.br/wp-content/uploads/2016/01/balconista1.jpg"
            />
          </div>
          <div
            class="sc-AxhUy bscpCC"
          >
            <div
              class="sc-AxgMl fFPQpl"
            >
              <p
                class="sc-AxheI oXUPj"
              >
                Você está na etapa 1 de 4
              </p>
            </div>
            <div
              class="sc-AxgMl fFPQpl"
            >
              <p
                class="sc-Axmtr bvymrK"
              >
                Procurando empresas
              </p>
            </div>
            <div
              class="sc-AxgMl fFPQpl"
            >
              <h3
                class="sc-AxmLO bswCGd"
              >
                Seletor de produtos para entrega (Shopper)
              </h3>
            </div>
          </div>
        </div>
      </div>
    </div>
  </body>,
  "container": <div>
    <div
      class="sc-AxjAm hCpYkD Card"
    >
      <div
        class="sc-AxirZ iTEWhx"
      >
        <div
          class="sc-AxiKw hZuHAH"
        >
          <img
            class="sc-AxhCb fEHPey"
            src="https://russelservicos.com.br/wp-content/uploads/2016/01/balconista1.jpg"
          />
        </div>
        <div
          class="sc-AxhUy bscpCC"
        >
          <div
            class="sc-AxgMl fFPQpl"
          >
            <p
              class="sc-AxheI oXUPj"
            >
              Você está na etapa 1 de 4
            </p>
          </div>
          <div
            class="sc-AxgMl fFPQpl"
          >
            <p
              class="sc-Axmtr bvymrK"
            >
              Procurando empresas
            </p>
          </div>
          <div
            class="sc-AxgMl fFPQpl"
          >
            <h3
              class="sc-AxmLO bswCGd"
            >
              Seletor de produtos para entrega (Shopper)
            </h3>
          </div>
        </div>
      </div>
    </div>
  </div>,
  "debug": [Function],
  "findAllByAltText": [Function],
  "findAllByDisplayValue": [Function],
  "findAllByLabelText": [Function],
  "findAllByPlaceholderText": [Function],
  "findAllByRole": [Function],
  "findAllByTestId": [Function],
  "findAllByText": [Function],
  "findAllByTitle": [Function],
  "findByAltText": [Function],
  "findByDisplayValue": [Function],
  "findByLabelText": [Function],
  "findByPlaceholderText": [Function],
  "findByRole": [Function],
  "findByTestId": [Function],
  "findByText": [Function],
  "findByTitle": [Function],
  "getAllByAltText": [Function],
  "getAllByDisplayValue": [Function],
  "getAllByLabelText": [Function],
  "getAllByPlaceholderText": [Function],
  "getAllByRole": [Function],
  "getAllByTestId": [Function],
  "getAllByText": [Function],
  "getAllByTitle": [Function],
  "getByAltText": [Function],
  "getByDisplayValue": [Function],
  "getByLabelText": [Function],
  "getByPlaceholderText": [Function],
  "getByRole": [Function],
  "getByTestId": [Function],
  "getByText": [Function],
  "getByTitle": [Function],
  "queryAllByAltText": [Function],
  "queryAllByDisplayValue": [Function],
  "queryAllByLabelText": [Function],
  "queryAllByPlaceholderText": [Function],
  "queryAllByRole": [Function],
  "queryAllByTestId": [Function],
  "queryAllByText": [Function],
  "queryAllByTitle": [Function],
  "queryByAltText": [Function],
  "queryByDisplayValue": [Function],
  "queryByLabelText": [Function],
  "queryByPlaceholderText": [Function],
  "queryByRole": [Function],
  "queryByTestId": [Function],
  "queryByText": [Function],
  "queryByTitle": [Function],
  "rerender": [Function],
  "unmount": [Function],
}
`;
