// Jest Snapshot v1, https://goo.gl/fbAQLP

exports[`Test FilterDropdown component render 1`] = `
Object {
  "asFragment": [Function],
  "baseElement": <body>
    <div>
      <div
        class="sc-AxjAm ilhmbz"
      >
        <div
          class="sc-AxirZ rfaeh FilterDropdown"
        >
          <div
            class="sc-AxiKw bOTXee FilterDropdown__Text"
          >
            <p
              class="sc-AxheI feOFeg"
            >
              Test
            </p>
          </div>
          <div
            class="sc-AxhCb gkOWJK FilterDropdown__Icon"
          >
            <svg
              height="24"
              viewBox="0 0 24 24"
              width="24"
              xmlns="http://www.w3.org/2000/svg"
            >
              <path
                d="M7.41 8.59L12 13.17l4.59-4.58L18 10l-6 6-6-6 1.41-1.41z"
                fill="#212529"
              />
              <path
                d="M0 0h24v24H0V0z"
                fill="none"
              />
            </svg>
          </div>
        </div>
      </div>
    </div>
  </body>,
  "container": <div>
    <div
      class="sc-AxjAm ilhmbz"
    >
      <div
        class="sc-AxirZ rfaeh FilterDropdown"
      >
        <div
          class="sc-AxiKw bOTXee FilterDropdown__Text"
        >
          <p
            class="sc-AxheI feOFeg"
          >
            Test
          </p>
        </div>
        <div
          class="sc-AxhCb gkOWJK FilterDropdown__Icon"
        >
          <svg
            height="24"
            viewBox="0 0 24 24"
            width="24"
            xmlns="http://www.w3.org/2000/svg"
          >
            <path
              d="M7.41 8.59L12 13.17l4.59-4.58L18 10l-6 6-6-6 1.41-1.41z"
              fill="#212529"
            />
            <path
              d="M0 0h24v24H0V0z"
              fill="none"
            />
          </svg>
        </div>
      </div>
    </div>
  </div>,
  "debug": [Function],
  "findAllByAltText": [Function],
  "findAllByDisplayValue": [Function],
  "findAllByLabelText": [Function],
  "findAllByPlaceholderText": [Function],
  "findAllByRole": [Function],
  "findAllByTestId": [Function],
  "findAllByText": [Function],
  "findAllByTitle": [Function],
  "findByAltText": [Function],
  "findByDisplayValue": [Function],
  "findByLabelText": [Function],
  "findByPlaceholderText": [Function],
  "findByRole": [Function],
  "findByTestId": [Function],
  "findByText": [Function],
  "findByTitle": [Function],
  "getAllByAltText": [Function],
  "getAllByDisplayValue": [Function],
  "getAllByLabelText": [Function],
  "getAllByPlaceholderText": [Function],
  "getAllByRole": [Function],
  "getAllByTestId": [Function],
  "getAllByText": [Function],
  "getAllByTitle": [Function],
  "getByAltText": [Function],
  "getByDisplayValue": [Function],
  "getByLabelText": [Function],
  "getByPlaceholderText": [Function],
  "getByRole": [Function],
  "getByTestId": [Function],
  "getByText": [Function],
  "getByTitle": [Function],
  "queryAllByAltText": [Function],
  "queryAllByDisplayValue": [Function],
  "queryAllByLabelText": [Function],
  "queryAllByPlaceholderText": [Function],
  "queryAllByRole": [Function],
  "queryAllByTestId": [Function],
  "queryAllByText": [Function],
  "queryAllByTitle": [Function],
  "queryByAltText": [Function],
  "queryByDisplayValue": [Function],
  "queryByLabelText": [Function],
  "queryByPlaceholderText": [Function],
  "queryByRole": [Function],
  "queryByTestId": [Function],
  "queryByText": [Function],
  "queryByTitle": [Function],
  "rerender": [Function],
  "unmount": [Function],
}
`;
