// Jest Snapshot v1, https://goo.gl/fbAQLP

exports[`Test PasswordInput component render 1`] = `
Object {
  "asFragment": [Function],
  "baseElement": <body>
    <div>
      <div
        class="sc-AxjAm hGa-Dbc Input"
      >
        <label
          class="sc-AxirZ GipoM Input__Name"
          for="vojo-test"
        >
          <span
            class="sc-AxheI eZoXUS"
          >
            <strong>
              teste
            </strong>
          </span>
        </label>
        <div
          class="sc-AxiKw houSoJ Input__InputBackground"
        >
          <input
            class="sc-AxhUy jaojvj Input__Input"
            id="vojo-test"
            name="teste"
            placeholder="teste"
            type="text"
            value=""
          />
        </div>
      </div>
    </div>
  </body>,
  "container": <div>
    <div
      class="sc-AxjAm hGa-Dbc Input"
    >
      <label
        class="sc-AxirZ GipoM Input__Name"
        for="vojo-test"
      >
        <span
          class="sc-AxheI eZoXUS"
        >
          <strong>
            teste
          </strong>
        </span>
      </label>
      <div
        class="sc-AxiKw houSoJ Input__InputBackground"
      >
        <input
          class="sc-AxhUy jaojvj Input__Input"
          id="vojo-test"
          name="teste"
          placeholder="teste"
          type="text"
          value=""
        />
      </div>
    </div>
  </div>,
  "debug": [Function],
  "findAllByAltText": [Function],
  "findAllByDisplayValue": [Function],
  "findAllByLabelText": [Function],
  "findAllByPlaceholderText": [Function],
  "findAllByRole": [Function],
  "findAllByTestId": [Function],
  "findAllByText": [Function],
  "findAllByTitle": [Function],
  "findByAltText": [Function],
  "findByDisplayValue": [Function],
  "findByLabelText": [Function],
  "findByPlaceholderText": [Function],
  "findByRole": [Function],
  "findByTestId": [Function],
  "findByText": [Function],
  "findByTitle": [Function],
  "getAllByAltText": [Function],
  "getAllByDisplayValue": [Function],
  "getAllByLabelText": [Function],
  "getAllByPlaceholderText": [Function],
  "getAllByRole": [Function],
  "getAllByTestId": [Function],
  "getAllByText": [Function],
  "getAllByTitle": [Function],
  "getByAltText": [Function],
  "getByDisplayValue": [Function],
  "getByLabelText": [Function],
  "getByPlaceholderText": [Function],
  "getByRole": [Function],
  "getByTestId": [Function],
  "getByText": [Function],
  "getByTitle": [Function],
  "queryAllByAltText": [Function],
  "queryAllByDisplayValue": [Function],
  "queryAllByLabelText": [Function],
  "queryAllByPlaceholderText": [Function],
  "queryAllByRole": [Function],
  "queryAllByTestId": [Function],
  "queryAllByText": [Function],
  "queryAllByTitle": [Function],
  "queryByAltText": [Function],
  "queryByDisplayValue": [Function],
  "queryByLabelText": [Function],
  "queryByPlaceholderText": [Function],
  "queryByRole": [Function],
  "queryByTestId": [Function],
  "queryByText": [Function],
  "queryByTitle": [Function],
  "rerender": [Function],
  "unmount": [Function],
}
`;
