// Jest Snapshot v1, https://goo.gl/fbAQLP

exports[`Test SideMenu component render 1`] = `
Object {
  "asFragment": [Function],
  "baseElement": <body>
    <div>
      <div
        class="sc-bdfBwQ dulYen SideMenu"
      >
        <div
          class="sc-gsTCUz fVGUcF SideMenu__Background"
        />
        <div
          class="sc-dlfnbm kzGwTK SideMenu__Menu"
        >
          <div
            class="sc-hKgILt fBlSnY SideMenu__CloseWrapper"
          >
            <div
              class="sc-eCssSg fvFtc SideMenu__Close"
            >
              <svg
                height="24"
                viewBox="0 0 24 24"
                width="25px"
                xmlns="http://www.w3.org/2000/svg"
              >
                <path
                  d="M19 6.41L17.59 5 12 10.59 6.41 5 5 6.41 10.59 12 5 17.59 6.41 19 12 13.41 17.59 19 19 17.59 13.41 12z"
                  fill="#212529"
                />
                <path
                  d="M0 0h24v24H0z"
                  fill="none"
                />
              </svg>
            </div>
          </div>
          <div
            class="sc-jSgupP ceWOEk"
          >
            <div
              class="sc-gKsewC dwIoxt"
            >
              <div
                class="sc-iBPRYJ gdWKsf"
              >
                <svg
                  height="19"
                  viewBox="0 0 20 19"
                  width="22px"
                  xmlns="http://www.w3.org/2000/svg"
                >
                  <path
                    d="M18 4H14V2C14 0.89 13.11 0 12 0H8C6.89 0 6 0.89 6 2V4H2C0.89 4 0.00999999 4.89 0.00999999 6L0 17C0 18.11 0.89 19 2 19H18C19.11 19 20 18.11 20 17V6C20 4.89 19.11 4 18 4ZM12 4H8V2H12V4Z"
                    fill="#391DDD"
                  />
                </svg>
              </div>
              <div
                class="sc-fubCfw hzOVYV"
              >
                <p
                  class="sc-dQppl kVMoQj"
                >
                  Oportunidades
                </p>
              </div>
            </div>
            <div
              class="sc-gKsewC dwIoxt"
            >
              <div
                class="sc-iBPRYJ gdWKsf"
              >
                <svg
                  height="18"
                  viewBox="0 0 22 18"
                  width="22px"
                  xmlns="http://www.w3.org/2000/svg"
                >
                  <path
                    d="M4 10.18V14.18L11 18L18 14.18V10.18L11 14L4 10.18ZM11 0L0 6L11 12L20 7.09V14H22V6L11 0Z"
                    fill="#391DDD"
                  />
                </svg>
              </div>
              <div
                class="sc-fubCfw hzOVYV"
              >
                <p
                  class="sc-bqyKva gzNxIg"
                >
                  Cursos Gratuitos
                </p>
              </div>
            </div>
          </div>
          <div
            class="sc-pFZIQ GIcVx"
          >
            <div
              class="sc-jrAGrp FHQqT"
            >
              <div
                class="sc-kEjbxe gShzib"
              >
                <button
                  class="sc-crrsfI jgdrYy Button"
                  id="0-menu-button"
                  name="0-menu-button"
                  type="button"
                  width="100%"
                >
                  <p
                    class="sc-kstrdz fzlLig"
                  >
                    Sair
                  </p>
                </button>
              </div>
            </div>
          </div>
          <div
            class="sc-iqHYGH dSQeZq"
          >
            <p
              class="sc-hBEYos fJcqRM"
            >
              termos de uso e política de privacidade
            </p>
          </div>
        </div>
      </div>
    </div>
  </body>,
  "container": <div>
    <div
      class="sc-bdfBwQ dulYen SideMenu"
    >
      <div
        class="sc-gsTCUz fVGUcF SideMenu__Background"
      />
      <div
        class="sc-dlfnbm kzGwTK SideMenu__Menu"
      >
        <div
          class="sc-hKgILt fBlSnY SideMenu__CloseWrapper"
        >
          <div
            class="sc-eCssSg fvFtc SideMenu__Close"
          >
            <svg
              height="24"
              viewBox="0 0 24 24"
              width="25px"
              xmlns="http://www.w3.org/2000/svg"
            >
              <path
                d="M19 6.41L17.59 5 12 10.59 6.41 5 5 6.41 10.59 12 5 17.59 6.41 19 12 13.41 17.59 19 19 17.59 13.41 12z"
                fill="#212529"
              />
              <path
                d="M0 0h24v24H0z"
                fill="none"
              />
            </svg>
          </div>
        </div>
        <div
          class="sc-jSgupP ceWOEk"
        >
          <div
            class="sc-gKsewC dwIoxt"
          >
            <div
              class="sc-iBPRYJ gdWKsf"
            >
              <svg
                height="19"
                viewBox="0 0 20 19"
                width="22px"
                xmlns="http://www.w3.org/2000/svg"
              >
                <path
                  d="M18 4H14V2C14 0.89 13.11 0 12 0H8C6.89 0 6 0.89 6 2V4H2C0.89 4 0.00999999 4.89 0.00999999 6L0 17C0 18.11 0.89 19 2 19H18C19.11 19 20 18.11 20 17V6C20 4.89 19.11 4 18 4ZM12 4H8V2H12V4Z"
                  fill="#391DDD"
                />
              </svg>
            </div>
            <div
              class="sc-fubCfw hzOVYV"
            >
              <p
                class="sc-dQppl kVMoQj"
              >
                Oportunidades
              </p>
            </div>
          </div>
          <div
            class="sc-gKsewC dwIoxt"
          >
            <div
              class="sc-iBPRYJ gdWKsf"
            >
              <svg
                height="18"
                viewBox="0 0 22 18"
                width="22px"
                xmlns="http://www.w3.org/2000/svg"
              >
                <path
                  d="M4 10.18V14.18L11 18L18 14.18V10.18L11 14L4 10.18ZM11 0L0 6L11 12L20 7.09V14H22V6L11 0Z"
                  fill="#391DDD"
                />
              </svg>
            </div>
            <div
              class="sc-fubCfw hzOVYV"
            >
              <p
                class="sc-bqyKva gzNxIg"
              >
                Cursos Gratuitos
              </p>
            </div>
          </div>
        </div>
        <div
          class="sc-pFZIQ GIcVx"
        >
          <div
            class="sc-jrAGrp FHQqT"
          >
            <div
              class="sc-kEjbxe gShzib"
            >
              <button
                class="sc-crrsfI jgdrYy Button"
                id="0-menu-button"
                name="0-menu-button"
                type="button"
                width="100%"
              >
                <p
                  class="sc-kstrdz fzlLig"
                >
                  Sair
                </p>
              </button>
            </div>
          </div>
        </div>
        <div
          class="sc-iqHYGH dSQeZq"
        >
          <p
            class="sc-hBEYos fJcqRM"
          >
            termos de uso e política de privacidade
          </p>
        </div>
      </div>
    </div>
  </div>,
  "debug": [Function],
  "findAllByAltText": [Function],
  "findAllByDisplayValue": [Function],
  "findAllByLabelText": [Function],
  "findAllByPlaceholderText": [Function],
  "findAllByRole": [Function],
  "findAllByTestId": [Function],
  "findAllByText": [Function],
  "findAllByTitle": [Function],
  "findByAltText": [Function],
  "findByDisplayValue": [Function],
  "findByLabelText": [Function],
  "findByPlaceholderText": [Function],
  "findByRole": [Function],
  "findByTestId": [Function],
  "findByText": [Function],
  "findByTitle": [Function],
  "getAllByAltText": [Function],
  "getAllByDisplayValue": [Function],
  "getAllByLabelText": [Function],
  "getAllByPlaceholderText": [Function],
  "getAllByRole": [Function],
  "getAllByTestId": [Function],
  "getAllByText": [Function],
  "getAllByTitle": [Function],
  "getByAltText": [Function],
  "getByDisplayValue": [Function],
  "getByLabelText": [Function],
  "getByPlaceholderText": [Function],
  "getByRole": [Function],
  "getByTestId": [Function],
  "getByText": [Function],
  "getByTitle": [Function],
  "queryAllByAltText": [Function],
  "queryAllByDisplayValue": [Function],
  "queryAllByLabelText": [Function],
  "queryAllByPlaceholderText": [Function],
  "queryAllByRole": [Function],
  "queryAllByTestId": [Function],
  "queryAllByText": [Function],
  "queryAllByTitle": [Function],
  "queryByAltText": [Function],
  "queryByDisplayValue": [Function],
  "queryByLabelText": [Function],
  "queryByPlaceholderText": [Function],
  "queryByRole": [Function],
  "queryByTestId": [Function],
  "queryByText": [Function],
  "queryByTitle": [Function],
  "rerender": [Function],
  "unmount": [Function],
}
`;
