// Jest Snapshot v1, https://goo.gl/fbAQLP

exports[`Test BannerImageCard component render 1`] = `
Object {
  "asFragment": [Function],
  "baseElement": <body>
    <div>
      <div
        class="sc-bdfBwQ eViaoB"
      >
        <div
          class="sc-gsTCUz RDkkP"
        >
          <img
            class="sc-dlfnbm cfaUiR"
            src="https://russelservicos.com.br/wp-content/uploads/2016/01/balconista1.jpg"
          />
        </div>
        <div
          class="sc-hKgILt dxKtqN"
        />
        <div
          class="sc-eCssSg boVEaw"
        >
          <div
            class="sc-jSgupP"
          >
            <p
              class="sc-iBPRYJ eTMuIg"
            >
              Balconista
            </p>
          </div>
          <div
            class="sc-gKsewC"
          >
            <p
              class="sc-fubCfw cJpRWy"
            >
              Testando o subtítulo.
            </p>
          </div>
        </div>
      </div>
    </div>
  </body>,
  "container": <div>
    <div
      class="sc-bdfBwQ eViaoB"
    >
      <div
        class="sc-gsTCUz RDkkP"
      >
        <img
          class="sc-dlfnbm cfaUiR"
          src="https://russelservicos.com.br/wp-content/uploads/2016/01/balconista1.jpg"
        />
      </div>
      <div
        class="sc-hKgILt dxKtqN"
      />
      <div
        class="sc-eCssSg boVEaw"
      >
        <div
          class="sc-jSgupP"
        >
          <p
            class="sc-iBPRYJ eTMuIg"
          >
            Balconista
          </p>
        </div>
        <div
          class="sc-gKsewC"
        >
          <p
            class="sc-fubCfw cJpRWy"
          >
            Testando o subtítulo.
          </p>
        </div>
      </div>
    </div>
  </div>,
  "debug": [Function],
  "findAllByAltText": [Function],
  "findAllByDisplayValue": [Function],
  "findAllByLabelText": [Function],
  "findAllByPlaceholderText": [Function],
  "findAllByRole": [Function],
  "findAllByTestId": [Function],
  "findAllByText": [Function],
  "findAllByTitle": [Function],
  "findByAltText": [Function],
  "findByDisplayValue": [Function],
  "findByLabelText": [Function],
  "findByPlaceholderText": [Function],
  "findByRole": [Function],
  "findByTestId": [Function],
  "findByText": [Function],
  "findByTitle": [Function],
  "getAllByAltText": [Function],
  "getAllByDisplayValue": [Function],
  "getAllByLabelText": [Function],
  "getAllByPlaceholderText": [Function],
  "getAllByRole": [Function],
  "getAllByTestId": [Function],
  "getAllByText": [Function],
  "getAllByTitle": [Function],
  "getByAltText": [Function],
  "getByDisplayValue": [Function],
  "getByLabelText": [Function],
  "getByPlaceholderText": [Function],
  "getByRole": [Function],
  "getByTestId": [Function],
  "getByText": [Function],
  "getByTitle": [Function],
  "queryAllByAltText": [Function],
  "queryAllByDisplayValue": [Function],
  "queryAllByLabelText": [Function],
  "queryAllByPlaceholderText": [Function],
  "queryAllByRole": [Function],
  "queryAllByTestId": [Function],
  "queryAllByText": [Function],
  "queryAllByTitle": [Function],
  "queryByAltText": [Function],
  "queryByDisplayValue": [Function],
  "queryByLabelText": [Function],
  "queryByPlaceholderText": [Function],
  "queryByRole": [Function],
  "queryByTestId": [Function],
  "queryByText": [Function],
  "queryByTitle": [Function],
  "rerender": [Function],
  "unmount": [Function],
}
`;
