// Jest Snapshot v1, https://goo.gl/fbAQLP

exports[`Test JobCard component render 1`] = `
Object {
  "asFragment": [Function],
  "baseElement": <body>
    <div>
      <div
        class="sc-fzqBZW dcqdVe"
        id="JobCard-card-id"
      >
        <div
          class="sc-AxirZ cLmhxZ"
        >
          <p
            class="sc-fzqNJr ikFMjf"
          >
            novidade
          </p>
        </div>
        <div
          class="sc-AxjAm jDxcNw"
        >
          <div
            class="sc-AxiKw bTpLoE"
          >
            <div
              class="sc-AxhCb ccMvAG"
            >
              <div
                class="sc-AxhUy bZMVBu"
              >
                <img
                  alt="Entregador Mágico"
                  class="sc-AxgMl kIBdGh"
                  src="https://cdnb.artstation.com/p/assets/images/images/011/745/187/large/emma-areum-kim-kiki10-01psd.jpg"
                />
              </div>
            </div>
            <div
              class="sc-AxheI eKLjGh"
            >
              <p
                class="sc-fzoyAV gJRbjl"
              >
                200 VAGAS
              </p>
            </div>
          </div>
          <div
            class="sc-Axmtr ffqwYb"
          >
            <div
              class="sc-AxmLO cAKCgh"
            >
              <p
                class="sc-fzoLag bJdahH"
              >
                Entregador Mágico
              </p>
            </div>
            <div
              class="sc-fzoLsD kGasLV"
            >
              <p
                class="sc-fzoXzr eXQzTs"
              >
                5 empresas disponíveis
              </p>
            </div>
          </div>
        </div>
      </div>
    </div>
  </body>,
  "container": <div>
    <div
      class="sc-fzqBZW dcqdVe"
      id="JobCard-card-id"
    >
      <div
        class="sc-AxirZ cLmhxZ"
      >
        <p
          class="sc-fzqNJr ikFMjf"
        >
          novidade
        </p>
      </div>
      <div
        class="sc-AxjAm jDxcNw"
      >
        <div
          class="sc-AxiKw bTpLoE"
        >
          <div
            class="sc-AxhCb ccMvAG"
          >
            <div
              class="sc-AxhUy bZMVBu"
            >
              <img
                alt="Entregador Mágico"
                class="sc-AxgMl kIBdGh"
                src="https://cdnb.artstation.com/p/assets/images/images/011/745/187/large/emma-areum-kim-kiki10-01psd.jpg"
              />
            </div>
          </div>
          <div
            class="sc-AxheI eKLjGh"
          >
            <p
              class="sc-fzoyAV gJRbjl"
            >
              200 VAGAS
            </p>
          </div>
        </div>
        <div
          class="sc-Axmtr ffqwYb"
        >
          <div
            class="sc-AxmLO cAKCgh"
          >
            <p
              class="sc-fzoLag bJdahH"
            >
              Entregador Mágico
            </p>
          </div>
          <div
            class="sc-fzoLsD kGasLV"
          >
            <p
              class="sc-fzoXzr eXQzTs"
            >
              5 empresas disponíveis
            </p>
          </div>
        </div>
      </div>
    </div>
  </div>,
  "debug": [Function],
  "findAllByAltText": [Function],
  "findAllByDisplayValue": [Function],
  "findAllByLabelText": [Function],
  "findAllByPlaceholderText": [Function],
  "findAllByRole": [Function],
  "findAllByTestId": [Function],
  "findAllByText": [Function],
  "findAllByTitle": [Function],
  "findByAltText": [Function],
  "findByDisplayValue": [Function],
  "findByLabelText": [Function],
  "findByPlaceholderText": [Function],
  "findByRole": [Function],
  "findByTestId": [Function],
  "findByText": [Function],
  "findByTitle": [Function],
  "getAllByAltText": [Function],
  "getAllByDisplayValue": [Function],
  "getAllByLabelText": [Function],
  "getAllByPlaceholderText": [Function],
  "getAllByRole": [Function],
  "getAllByTestId": [Function],
  "getAllByText": [Function],
  "getAllByTitle": [Function],
  "getByAltText": [Function],
  "getByDisplayValue": [Function],
  "getByLabelText": [Function],
  "getByPlaceholderText": [Function],
  "getByRole": [Function],
  "getByTestId": [Function],
  "getByText": [Function],
  "getByTitle": [Function],
  "queryAllByAltText": [Function],
  "queryAllByDisplayValue": [Function],
  "queryAllByLabelText": [Function],
  "queryAllByPlaceholderText": [Function],
  "queryAllByRole": [Function],
  "queryAllByTestId": [Function],
  "queryAllByText": [Function],
  "queryAllByTitle": [Function],
  "queryByAltText": [Function],
  "queryByDisplayValue": [Function],
  "queryByLabelText": [Function],
  "queryByPlaceholderText": [Function],
  "queryByRole": [Function],
  "queryByTestId": [Function],
  "queryByText": [Function],
  "queryByTitle": [Function],
  "rerender": [Function],
  "unmount": [Function],
}
`;
