// Jest Snapshot v1, https://goo.gl/fbAQLP

exports[`Test BannerCard component render 1`] = `
Object {
  "asFragment": [Function],
  "baseElement": <body>
    <div>
      <div
        class="sc-gKsewC kKxGrg"
        id="BannerCard-card-id"
      >
        <div
          class="sc-bdfBwQ beCqgx BannerCard"
        >
          <div
            class="sc-dlfnbm dPJlIz BannerCard__LeftContent"
          >
            <div
              class="sc-gsTCUz cOJuHC BannerCard__LeftContent__Image"
            >
              <p
                class="sc-iBPRYJ iRPfyL"
              >
                ?
              </p>
            </div>
          </div>
          <div
            class="sc-hKgILt fjzqPh BannerCard__RightContent"
          >
            <div
              class="sc-jSgupP bAEpIu BannerCard__RightContent__Description"
            >
              <p
                class="sc-fubCfw chsKBR"
              >
                Entregador M치gico
              </p>
            </div>
            <div
              class="sc-eCssSg jvctCF BannerCard__RightContent__Title"
            >
              <p
                class="sc-pFZIQ gNUGul"
              >
                Entregador M치gico
              </p>
            </div>
          </div>
        </div>
      </div>
    </div>
  </body>,
  "container": <div>
    <div
      class="sc-gKsewC kKxGrg"
      id="BannerCard-card-id"
    >
      <div
        class="sc-bdfBwQ beCqgx BannerCard"
      >
        <div
          class="sc-dlfnbm dPJlIz BannerCard__LeftContent"
        >
          <div
            class="sc-gsTCUz cOJuHC BannerCard__LeftContent__Image"
          >
            <p
              class="sc-iBPRYJ iRPfyL"
            >
              ?
            </p>
          </div>
        </div>
        <div
          class="sc-hKgILt fjzqPh BannerCard__RightContent"
        >
          <div
            class="sc-jSgupP bAEpIu BannerCard__RightContent__Description"
          >
            <p
              class="sc-fubCfw chsKBR"
            >
              Entregador M치gico
            </p>
          </div>
          <div
            class="sc-eCssSg jvctCF BannerCard__RightContent__Title"
          >
            <p
              class="sc-pFZIQ gNUGul"
            >
              Entregador M치gico
            </p>
          </div>
        </div>
      </div>
    </div>
  </div>,
  "debug": [Function],
  "findAllByAltText": [Function],
  "findAllByDisplayValue": [Function],
  "findAllByLabelText": [Function],
  "findAllByPlaceholderText": [Function],
  "findAllByRole": [Function],
  "findAllByTestId": [Function],
  "findAllByText": [Function],
  "findAllByTitle": [Function],
  "findByAltText": [Function],
  "findByDisplayValue": [Function],
  "findByLabelText": [Function],
  "findByPlaceholderText": [Function],
  "findByRole": [Function],
  "findByTestId": [Function],
  "findByText": [Function],
  "findByTitle": [Function],
  "getAllByAltText": [Function],
  "getAllByDisplayValue": [Function],
  "getAllByLabelText": [Function],
  "getAllByPlaceholderText": [Function],
  "getAllByRole": [Function],
  "getAllByTestId": [Function],
  "getAllByText": [Function],
  "getAllByTitle": [Function],
  "getByAltText": [Function],
  "getByDisplayValue": [Function],
  "getByLabelText": [Function],
  "getByPlaceholderText": [Function],
  "getByRole": [Function],
  "getByTestId": [Function],
  "getByText": [Function],
  "getByTitle": [Function],
  "queryAllByAltText": [Function],
  "queryAllByDisplayValue": [Function],
  "queryAllByLabelText": [Function],
  "queryAllByPlaceholderText": [Function],
  "queryAllByRole": [Function],
  "queryAllByTestId": [Function],
  "queryAllByText": [Function],
  "queryAllByTitle": [Function],
  "queryByAltText": [Function],
  "queryByDisplayValue": [Function],
  "queryByLabelText": [Function],
  "queryByPlaceholderText": [Function],
  "queryByRole": [Function],
  "queryByTestId": [Function],
  "queryByText": [Function],
  "queryByTitle": [Function],
  "rerender": [Function],
  "unmount": [Function],
}
`;
